../Core/Src/main.c:160:6:HAL_TIM_PWM_PulseFinishedCallback	16	static
../Core/Src/main.c:166:6:Keypad_Init	40	static
../Core/Src/main.c:191:6:Update_LCD_Display	80	static
../Core/Src/main.c:211:6:Keypad_Read	24	static
../Core/Src/main.c:239:6:Process_Keypad_Input	16	static
../Core/Src/main.c:315:6:Set_LED	24	static
../Core/Src/main.c:323:6:Set_All_LEDs_Same_Color	32	static
../Core/Src/main.c:331:6:Set_Brightness	24	static
../Core/Src/main.c:362:6:WS2812_Send	32	static
../Core/Src/main.c:407:6:Fade_Effect	32	static
../Core/Src/main.c:426:6:Rainbow_Effect_Single	40	static
../Core/Src/main.c:482:6:Rainbow_Effect	48	static
../Core/Src/main.c:524:6:Pixel_Run_Effect	32	static
../Core/Src/main.c:545:6:Flashing_Effect	24	static
../Core/Src/main.c:559:6:LCD_Test	8	static
../Core/Src/main.c:569:6:All_LEDs_Off	16	static
../Core/Src/main.c:579:9:Read_Sound_Detection	8	static
../Core/Src/main.c:585:6:Music_Effect	40	static
../Core/Src/main.c:622:6:Music_VU_Effect	40	static
../Core/Src/main.c:664:6:Debug_Music_GPIO	16	static
../Core/Src/main.c:676:6:Debug_Music_Mode	56	static
../Core/Src/main.c:700:6:Test_Music_Mode_Fake	32	static
../Core/Src/main.c:731:5:main	32	static
../Core/Src/main.c:932:6:SystemClock_Config	72	static
../Core/Src/main.c:972:13:MX_TIM1_Init	96	static
../Core/Src/main.c:1045:13:MX_DMA_Init	16	static
../Core/Src/main.c:1063:13:MX_GPIO_Init	40	static
../Core/Src/main.c:1104:6:Error_Handler	4	static,ignoring_inline_asm
